// Jest Snapshot v1, https://goo.gl/fbAQLP

exports[`Renders a basic graph 1`] = `
<div
  className="makeStyles-root-1"
>
  <Styled(MuiBox)
    className="makeStyles-pane-2"
  >
    <Styled(MuiBox)
      className="makeStyles-addItem-3"
    >
      <WithStyles(ForwardRef(Typography))
        className="makeStyles-title-4"
        variant="h5"
      >
        Nodes
      </WithStyles(ForwardRef(Typography))>
      <form
        autoComplete="off"
        noValidate={true}
        onSubmit={[Function]}
      >
        <WithStyles(ForwardRef(Input))
          onChange={[Function]}
          placeholder="Create Item"
        />
      </form>
    </Styled(MuiBox)>
    <NodeList
      nodes={
        Array [
          Object {
            "edgeMap": Object {
              "first": Array [
                "2",
              ],
              "last": Array [
                "3",
              ],
              "prev": Array [
                "7",
              ],
            },
            "id": "8",
          },
          Object {
            "edgeMap": Object {
              "first": Array [
                "2",
              ],
              "last": Array [
                "3",
              ],
              "next": Array [
                "8",
              ],
              "prev": Array [
                "6",
              ],
            },
            "id": "7",
          },
          Object {
            "edgeMap": Object {
              "first": Array [
                "2",
              ],
              "last": Array [
                "3",
              ],
              "next": Array [
                "7",
              ],
              "prev": Array [
                "5",
              ],
            },
            "id": "6",
          },
          Object {
            "edgeMap": Object {
              "first": Array [
                "2",
              ],
              "last": Array [
                "3",
              ],
              "next": Array [
                "6",
              ],
              "prev": Array [
                "4",
              ],
            },
            "id": "5",
          },
          Object {
            "edgeMap": Object {
              "first": Array [
                "2",
              ],
              "last": Array [
                "3",
              ],
              "next": Array [
                "5",
              ],
            },
            "id": "4",
          },
          Object {
            "edgeMap": Object {},
            "id": "3",
          },
          Object {
            "edgeMap": Object {
              "child": Array [
                "4",
                "5",
                "6",
                "7",
                "8",
              ],
            },
            "id": "2",
          },
        ]
      }
    />
  </Styled(MuiBox)>
</div>
`;
