// Jest Snapshot v1, https://goo.gl/fbAQLP

exports[`Renders a basic graph 1`] = `
<div
  className="makeStyles-root-1"
>
  <PropertyList
    model={
      Object {
        "edgeMap": Object {
          "child": Array [
            "4",
            "5",
            "6",
            "7",
            "8",
          ],
        },
        "id": "2",
      }
    }
  />
  <EdgeList
    node={
      Object {
        "edgeMap": Object {
          "child": Array [
            "4",
            "5",
            "6",
            "7",
            "8",
          ],
        },
        "id": "2",
      }
    }
  />
</div>
`;
